('abc"efg'='abc"efg')
('abc''efg'='abc'efg')
('abc
efg'='abc
efg')
('abc"efg'='abc"efg')
('abc''efg'='abc'efg')
('abc;efg'='abc;efg')
