done
done
done
done
done
done
(rows inserted=1)
done
done
(a=1, b=10)
done
