(rows inserted=1)
(i=1)
(i=1)
(jsonEmitObj='{"type":"add","sequence":1,"id":"642","epoch":"5678","name":"foraudit","new":"{\"i\":1}"}')
[exec procedure cons_with_sequence_epoch()] failed with rc -3 [string "local function define_emit_columns()..."]:16: attempt to index local 'change' (a nil value)
(rows inserted=1)
(i=1)
(i=1)
(i=1)
(jsonEmitObj='{"type":"add","sequence":2,"id":"642","epoch":"5678","name":"foraudit","new":"{\"i\":1}"}')
[exec procedure cons_with_sequence_epoch()] failed with rc -3 [string "local function define_emit_columns()..."]:16: attempt to index local 'change' (a nil value)
