(version='sptest')
(version='sptest')
(col1=10, col2=20, col3=30, col4=40, col5=50)
(col1=11, col2=22, col3=33, col4=44, col5=55)
(version='sptest')
(col1=1, col2=2, col3=3, col4=4, col5=5, col6=6)
(col1=10, col2=20, col3=30, col4=40, col5=50, col6=60)
(col1=11, col2=22, col3=33, col4=44, col5=55, col6=66)
(col1=111, col2=222, col3=333, col4=444, col5=555, col6=666)
