(tablename='t', keyname='A', keynumber=0, isunique='Y', isdatacopy='N', isrecnum='N', condition=NULL, uniqnulls='N', ispartialdatacopy='Y')
(tablename='t', keyname='A', columnname='a')
(tablename='t', keyname='A', columnname='c')
(tablename='t', keyname='A', columnname='b')
(rows inserted=25)
(a=1, b='bbb2', c='ccc3', d=4)
(a=5, b='bbb6', c='ccc7', d=8)
(a=9, b='bbb10', c='ccc11', d=12)
(a=13, b='bbb14', c='ccc15', d=16)
(a=17, b='bbb18', c='ccc19', d=20)
(a=21, b='bbb22', c='ccc23', d=24)
(a=25, b='bbb26', c='ccc27', d=28)
(a=29, b='bbb30', c='ccc31', d=32)
(a=33, b='bbb34', c='ccc35', d=36)
(a=37, b='bbb38', c='ccc39', d=40)
(a=1, b='bbb2', c='ccc3')
(a=5, b='bbb6', c='ccc7')
(a=9, b='bbb10', c='ccc11')
(a=13, b='bbb14', c='ccc15')
(a=17, b='bbb18', c='ccc19')
(a=21, b='bbb22', c='ccc23')
(a=25, b='bbb26', c='ccc27')
(a=29, b='bbb30', c='ccc31')
(a=33, b='bbb34', c='ccc35')
(a=37, b='bbb38', c='ccc39')
(id=3, parent=0, notused=0, detail='SEARCH TABLE t USING COVERING INDEX $A_AA0581FA (<expr><?) (~262144 rows)')
