[set timezone UTC] failed with rc -17 Can't run set query inside transaction.
