[alter table t {
    schema {
        byte a[4]
    }
}] failed with rc 240 cannot change size of byte array without dbpad
[alter table t {
    schema {
        byte a[1]
    }
}] failed with rc 240 cannot change size of byte array without dbpad
[alter table t {
    schema {
        byte a[4] dbstore=0
    }
}] failed with rc 240 cannot change size of byte array without dbpad
