(rows inserted=3)
(rows inserted=1)
(dt="2021-03-05T000000.000 UTC")
(dt="1970-01-01T000000.000 UTC")
(dt="1970-01-01T000000.000 UTC")
(dt="2021-03-05T000000.000 UTC")
(dt="1970-01-01T000000.000 UTC")
(dt="1970-01-01T000000.000 UTC")
(dt="2021-03-05T000000.000 UTC")
(dt="1970-01-01T000000.000 UTC")
(dt="1970-01-01T000000.000 UTC")
(dt="2021-03-05T000000.000 UTC")
(dt="1970-01-01T000000.000 UTC")
(dt="1970-01-01T000000.000 UTC")
(dt="2021-03-05T000000.000 UTC")
(dt="1970-01-01T000000.000 UTC")
(dt="1970-01-01T000000.000 UTC")
(dt="2021-03-05T000000.000 UTC")
(dt="1970-01-01T000000.000 UTC")
(dt="1970-01-01T000000.000 UTC")
(dt="2021-03-05T000000.000 UTC")
(dt="1970-01-01T000000.000 UTC")
(dt="1970-01-01T000000.000 UTC")
(dt="2021-03-05T000000.000 UTC")
(dt="1970-01-01T000000.000 UTC")
(dt="1970-01-01T000000.000 UTC")
(dt="2021-03-05T000000.000 UTC")
(dt="1970-01-01T000000.000 UTC")
(dt="1970-01-01T000000.000 UTC")
(dt="2021-03-05T000000.000 UTC")
(dt="1970-01-01T000000.000 UTC")
(dt="1970-01-01T000000.000 UTC")
