Starting coproc
(out='    OSQL_DONE            49999')
(count(*)=100000)
