(1=1)
[select 1] rc 0
[create table t7 {
schema 
{
    int a
    int b
    int c
    int d
}

keys 
{
    "key" = a+b
}
}] rc 0
(rows inserted=1)
[insert into t7 values(1,1,1,1)] rc 0
(rows inserted=1)
[insert into t7 values(2,1,1,1)] rc 0
(rows inserted=1)
[insert into t7 values(3,1,1,1)] rc 0
(rows inserted=1)
[insert into t7 values(4,1,1,1)] rc 0
[analyze t7] rc 0
(tbl='t7', idx='$KEY_', stat='4 1 1')
[select tbl,substr(idx,1,length(idx)-8) as idx,stat from sqlite_stat1 where tbl='t7' order by idx] rc 0
[alter table t7 {
schema 
{
    int a
    int b
    int c
    int d
}

keys 
{
    "key_ab" = a+b
}
}] rc 0
(tbl='t7', idx='$KEY_', stat='4 1 1')
(tbl='t7', idx='$KEY_AB_', stat='4 1 1')
[select tbl,substr(idx,1,length(idx)-8) as idx,stat from sqlite_stat1 where tbl='t7' order by idx] rc 0
(1=1)
[select 1] rc 0
