[analyze t 100] failed with rc -5 Analyze could not run because of internal problems
