(test='---- test#1 ----')
(rows inserted=1)
(rows inserted=1)
(rows inserted=1)
(rows inserted=1)
(rows updated=1)
(rows updated=1)
(id=10, a=1, b=2, c=5)
(id=20, a=1, b=3, c=5)
(id=30, a=1, b=2, c=4)
(id=40, a=1, b=3, c=4)
