(rows inserted=1)
(i=1, txt='CDB2BABE', binary=x'cdb2babe')
(i=1, j=NULL, txt='CDB2BABE', binary=x'cdb2babe')
