[select * from comdb2_tablepermissions] failed with rc -106 access denied
(tablename='comdb2_active_osqls', username='abcd', READ='N', WRITE='N', DDL='N')
(tablename='comdb2_active_osqls', username='dcba', READ='N', WRITE='N', DDL='N')
(tablename='comdb2_active_osqls', username='mohit', READ='Y', WRITE='Y', DDL='Y')
(tablename='comdb2_appsock_handlers', username='abcd', READ='N', WRITE='N', DDL='N')
(tablename='comdb2_appsock_handlers', username='dcba', READ='N', WRITE='N', DDL='N')
(tablename='comdb2_appsock_handlers', username='mohit', READ='Y', WRITE='Y', DDL='Y')
(tablename='comdb2_blkseq', username='abcd', READ='N', WRITE='N', DDL='N')
(tablename='comdb2_blkseq', username='dcba', READ='N', WRITE='N', DDL='N')
(tablename='comdb2_blkseq', username='mohit', READ='Y', WRITE='Y', DDL='Y')
(tablename='comdb2_clientstats', username='abcd', READ='N', WRITE='N', DDL='N')
(tablename='comdb2_clientstats', username='dcba', READ='N', WRITE='N', DDL='N')
(tablename='comdb2_clientstats', username='mohit', READ='Y', WRITE='Y', DDL='Y')
(tablename='comdb2_cluster', username='abcd', READ='N', WRITE='N', DDL='N')
(tablename='comdb2_cluster', username='dcba', READ='N', WRITE='N', DDL='N')
(tablename='comdb2_cluster', username='mohit', READ='Y', WRITE='Y', DDL='Y')
(tablename='comdb2_columns', username='abcd', READ='N', WRITE='N', DDL='N')
(tablename='comdb2_columns', username='dcba', READ='N', WRITE='N', DDL='N')
(tablename='comdb2_columns', username='mohit', READ='Y', WRITE='Y', DDL='Y')
(tablename='comdb2_completion', username='abcd', READ='N', WRITE='N', DDL='N')
(tablename='comdb2_completion', username='dcba', READ='N', WRITE='N', DDL='N')
(tablename='comdb2_completion', username='mohit', READ='Y', WRITE='Y', DDL='Y')
(tablename='comdb2_connections', username='abcd', READ='N', WRITE='N', DDL='N')
(tablename='comdb2_connections', username='dcba', READ='N', WRITE='N', DDL='N')
(tablename='comdb2_connections', username='mohit', READ='Y', WRITE='Y', DDL='Y')
(tablename='comdb2_constraints', username='abcd', READ='N', WRITE='N', DDL='N')
(tablename='comdb2_constraints', username='dcba', READ='N', WRITE='N', DDL='N')
(tablename='comdb2_constraints', username='mohit', READ='Y', WRITE='Y', DDL='Y')
(tablename='comdb2_cron_events', username='abcd', READ='N', WRITE='N', DDL='N')
(tablename='comdb2_cron_events', username='dcba', READ='N', WRITE='N', DDL='N')
(tablename='comdb2_cron_events', username='mohit', READ='Y', WRITE='Y', DDL='Y')
(tablename='comdb2_cron_schedulers', username='abcd', READ='N', WRITE='N', DDL='N')
(tablename='comdb2_cron_schedulers', username='dcba', READ='N', WRITE='N', DDL='N')
(tablename='comdb2_cron_schedulers', username='mohit', READ='Y', WRITE='Y', DDL='Y')
(tablename='comdb2_fingerprints', username='abcd', READ='N', WRITE='N', DDL='N')
(tablename='comdb2_fingerprints', username='dcba', READ='N', WRITE='N', DDL='N')
(tablename='comdb2_fingerprints', username='mohit', READ='Y', WRITE='Y', DDL='Y')
(tablename='comdb2_keycomponents', username='abcd', READ='N', WRITE='N', DDL='N')
(tablename='comdb2_keycomponents', username='dcba', READ='N', WRITE='N', DDL='N')
(tablename='comdb2_keycomponents', username='mohit', READ='Y', WRITE='Y', DDL='Y')
(tablename='comdb2_keys', username='abcd', READ='N', WRITE='N', DDL='N')
(tablename='comdb2_keys', username='dcba', READ='N', WRITE='N', DDL='N')
(tablename='comdb2_keys', username='mohit', READ='Y', WRITE='Y', DDL='Y')
(tablename='comdb2_keywords', username='abcd', READ='N', WRITE='N', DDL='N')
(tablename='comdb2_keywords', username='dcba', READ='N', WRITE='N', DDL='N')
(tablename='comdb2_keywords', username='mohit', READ='Y', WRITE='Y', DDL='Y')
(tablename='comdb2_limits', username='abcd', READ='N', WRITE='N', DDL='N')
(tablename='comdb2_limits', username='dcba', READ='N', WRITE='N', DDL='N')
(tablename='comdb2_limits', username='mohit', READ='Y', WRITE='Y', DDL='Y')
(tablename='comdb2_locks', username='abcd', READ='N', WRITE='N', DDL='N')
(tablename='comdb2_locks', username='dcba', READ='N', WRITE='N', DDL='N')
(tablename='comdb2_locks', username='mohit', READ='Y', WRITE='Y', DDL='Y')
(tablename='comdb2_logical_operations', username='abcd', READ='N', WRITE='N', DDL='N')
(tablename='comdb2_logical_operations', username='dcba', READ='N', WRITE='N', DDL='N')
(tablename='comdb2_logical_operations', username='mohit', READ='Y', WRITE='Y', DDL='Y')
(tablename='comdb2_metrics', username='abcd', READ='N', WRITE='N', DDL='N')
(tablename='comdb2_metrics', username='dcba', READ='N', WRITE='N', DDL='N')
(tablename='comdb2_metrics', username='mohit', READ='Y', WRITE='Y', DDL='Y')
(tablename='comdb2_net_userfuncs', username='abcd', READ='N', WRITE='N', DDL='N')
(tablename='comdb2_net_userfuncs', username='dcba', READ='N', WRITE='N', DDL='N')
(tablename='comdb2_net_userfuncs', username='mohit', READ='Y', WRITE='Y', DDL='Y')
(tablename='comdb2_opcode_handlers', username='abcd', READ='N', WRITE='N', DDL='N')
(tablename='comdb2_opcode_handlers', username='dcba', READ='N', WRITE='N', DDL='N')
(tablename='comdb2_opcode_handlers', username='mohit', READ='Y', WRITE='Y', DDL='Y')
(tablename='comdb2_plugins', username='abcd', READ='N', WRITE='N', DDL='N')
(tablename='comdb2_plugins', username='dcba', READ='N', WRITE='N', DDL='N')
(tablename='comdb2_plugins', username='mohit', READ='Y', WRITE='Y', DDL='Y')
(tablename='comdb2_procedures', username='abcd', READ='N', WRITE='N', DDL='N')
(tablename='comdb2_procedures', username='dcba', READ='N', WRITE='N', DDL='N')
(tablename='comdb2_procedures', username='mohit', READ='Y', WRITE='Y', DDL='Y')
(tablename='comdb2_queues', username='abcd', READ='N', WRITE='N', DDL='N')
(tablename='comdb2_queues', username='dcba', READ='N', WRITE='N', DDL='N')
(tablename='comdb2_queues', username='mohit', READ='Y', WRITE='Y', DDL='Y')
(tablename='comdb2_repl_stats', username='abcd', READ='N', WRITE='N', DDL='N')
(tablename='comdb2_repl_stats', username='dcba', READ='N', WRITE='N', DDL='N')
(tablename='comdb2_repl_stats', username='mohit', READ='Y', WRITE='Y', DDL='Y')
(tablename='comdb2_replication_netqueue', username='abcd', READ='N', WRITE='N', DDL='N')
(tablename='comdb2_replication_netqueue', username='dcba', READ='N', WRITE='N', DDL='N')
(tablename='comdb2_replication_netqueue', username='mohit', READ='Y', WRITE='Y', DDL='Y')
(tablename='comdb2_sc_status', username='abcd', READ='N', WRITE='N', DDL='N')
(tablename='comdb2_sc_status', username='dcba', READ='N', WRITE='N', DDL='N')
(tablename='comdb2_sc_status', username='mohit', READ='Y', WRITE='Y', DDL='Y')
(tablename='comdb2_sql_client_stats', username='abcd', READ='N', WRITE='N', DDL='N')
(tablename='comdb2_sql_client_stats', username='dcba', READ='N', WRITE='N', DDL='N')
(tablename='comdb2_sql_client_stats', username='mohit', READ='Y', WRITE='Y', DDL='Y')
(tablename='comdb2_sqlpool_queue', username='abcd', READ='N', WRITE='N', DDL='N')
(tablename='comdb2_sqlpool_queue', username='dcba', READ='N', WRITE='N', DDL='N')
(tablename='comdb2_sqlpool_queue', username='mohit', READ='Y', WRITE='Y', DDL='Y')
(tablename='comdb2_systables', username='abcd', READ='N', WRITE='N', DDL='N')
(tablename='comdb2_systables', username='dcba', READ='N', WRITE='N', DDL='N')
(tablename='comdb2_systables', username='mohit', READ='Y', WRITE='Y', DDL='Y')
(tablename='comdb2_tablepermissions', username='abcd', READ='N', WRITE='N', DDL='N')
(tablename='comdb2_tablepermissions', username='dcba', READ='N', WRITE='N', DDL='N')
(tablename='comdb2_tablepermissions', username='mohit', READ='Y', WRITE='Y', DDL='Y')
(tablename='comdb2_tables', username='abcd', READ='N', WRITE='N', DDL='N')
(tablename='comdb2_tables', username='dcba', READ='N', WRITE='N', DDL='N')
(tablename='comdb2_tables', username='mohit', READ='Y', WRITE='Y', DDL='Y')
(tablename='comdb2_tablesizes', username='abcd', READ='N', WRITE='N', DDL='N')
(tablename='comdb2_tablesizes', username='dcba', READ='N', WRITE='N', DDL='N')
(tablename='comdb2_tablesizes', username='mohit', READ='Y', WRITE='Y', DDL='Y')
(tablename='comdb2_threadpools', username='abcd', READ='N', WRITE='N', DDL='N')
(tablename='comdb2_threadpools', username='dcba', READ='N', WRITE='N', DDL='N')
(tablename='comdb2_threadpools', username='mohit', READ='Y', WRITE='Y', DDL='Y')
(tablename='comdb2_timepartevents', username='abcd', READ='N', WRITE='N', DDL='N')
(tablename='comdb2_timepartevents', username='dcba', READ='N', WRITE='N', DDL='N')
(tablename='comdb2_timepartevents', username='mohit', READ='Y', WRITE='Y', DDL='Y')
(tablename='comdb2_timepartitions', username='abcd', READ='N', WRITE='N', DDL='N')
(tablename='comdb2_timepartitions', username='dcba', READ='N', WRITE='N', DDL='N')
(tablename='comdb2_timepartitions', username='mohit', READ='Y', WRITE='Y', DDL='Y')
(tablename='comdb2_timepartshards', username='abcd', READ='N', WRITE='N', DDL='N')
(tablename='comdb2_timepartshards', username='dcba', READ='N', WRITE='N', DDL='N')
(tablename='comdb2_timepartshards', username='mohit', READ='Y', WRITE='Y', DDL='Y')
(tablename='comdb2_timeseries', username='abcd', READ='N', WRITE='N', DDL='N')
(tablename='comdb2_timeseries', username='dcba', READ='N', WRITE='N', DDL='N')
(tablename='comdb2_timeseries', username='mohit', READ='Y', WRITE='Y', DDL='Y')
(tablename='comdb2_transaction_logs', username='abcd', READ='N', WRITE='N', DDL='N')
(tablename='comdb2_transaction_logs', username='dcba', READ='N', WRITE='N', DDL='N')
(tablename='comdb2_transaction_logs', username='mohit', READ='Y', WRITE='Y', DDL='Y')
(tablename='comdb2_triggers', username='abcd', READ='N', WRITE='N', DDL='N')
(tablename='comdb2_triggers', username='dcba', READ='N', WRITE='N', DDL='N')
(tablename='comdb2_triggers', username='mohit', READ='Y', WRITE='Y', DDL='Y')
(tablename='comdb2_tunables', username='abcd', READ='N', WRITE='N', DDL='N')
(tablename='comdb2_tunables', username='dcba', READ='N', WRITE='N', DDL='N')
(tablename='comdb2_tunables', username='mohit', READ='Y', WRITE='Y', DDL='Y')
(tablename='comdb2_type_samples', username='abcd', READ='N', WRITE='N', DDL='N')
(tablename='comdb2_type_samples', username='dcba', READ='N', WRITE='N', DDL='N')
(tablename='comdb2_type_samples', username='mohit', READ='Y', WRITE='Y', DDL='Y')
(tablename='comdb2_users', username='abcd', READ='N', WRITE='N', DDL='N')
(tablename='comdb2_users', username='dcba', READ='N', WRITE='N', DDL='N')
(tablename='comdb2_users', username='mohit', READ='Y', WRITE='Y', DDL='Y')
(tablename='comdb2_views', username='abcd', READ='N', WRITE='N', DDL='N')
(tablename='comdb2_views', username='dcba', READ='N', WRITE='N', DDL='N')
(tablename='comdb2_views', username='mohit', READ='Y', WRITE='Y', DDL='Y')
(tablename='dummy', username='abcd', READ='N', WRITE='N', DDL='N')
(tablename='dummy', username='dcba', READ='N', WRITE='N', DDL='N')
(tablename='dummy', username='mohit', READ='Y', WRITE='Y', DDL='Y')
(tablename='forecast@dcba', username='abcd', READ='N', WRITE='N', DDL='N')
(tablename='forecast@dcba', username='dcba', READ='Y', WRITE='Y', DDL='Y')
(tablename='forecast@dcba', username='mohit', READ='Y', WRITE='Y', DDL='Y')
(tablename='generate_series', username='abcd', READ='N', WRITE='N', DDL='N')
(tablename='generate_series', username='dcba', READ='N', WRITE='N', DDL='N')
(tablename='generate_series', username='mohit', READ='Y', WRITE='Y', DDL='Y')
(tablename='json_each', username='abcd', READ='N', WRITE='N', DDL='N')
(tablename='json_each', username='dcba', READ='N', WRITE='N', DDL='N')
(tablename='json_each', username='mohit', READ='Y', WRITE='Y', DDL='Y')
(tablename='json_tree', username='abcd', READ='N', WRITE='N', DDL='N')
(tablename='json_tree', username='dcba', READ='N', WRITE='N', DDL='N')
(tablename='json_tree', username='mohit', READ='Y', WRITE='Y', DDL='Y')
(tablename='sqlite_stat1', username='abcd', READ='N', WRITE='N', DDL='N')
(tablename='sqlite_stat1', username='dcba', READ='N', WRITE='N', DDL='N')
(tablename='sqlite_stat1', username='mohit', READ='Y', WRITE='Y', DDL='Y')
(tablename='sqlite_stat4', username='abcd', READ='N', WRITE='N', DDL='N')
(tablename='sqlite_stat4', username='dcba', READ='N', WRITE='N', DDL='N')
(tablename='sqlite_stat4', username='mohit', READ='Y', WRITE='Y', DDL='Y')
(tablename='t1', username='abcd', READ='N', WRITE='N', DDL='N')
(tablename='t1', username='dcba', READ='N', WRITE='N', DDL='N')
(tablename='t1', username='mohit', READ='Y', WRITE='Y', DDL='Y')
(tablename='t2', username='abcd', READ='N', WRITE='N', DDL='N')
(tablename='t2', username='dcba', READ='N', WRITE='N', DDL='N')
(tablename='t2', username='mohit', READ='Y', WRITE='Y', DDL='Y')
(tablename='test@abcd', username='abcd', READ='Y', WRITE='Y', DDL='Y')
(tablename='test@abcd', username='dcba', READ='N', WRITE='N', DDL='N')
(tablename='test@abcd', username='mohit', READ='Y', WRITE='Y', DDL='Y')
(tablename='test@dcba', username='abcd', READ='N', WRITE='N', DDL='N')
(tablename='test@dcba', username='dcba', READ='Y', WRITE='Y', DDL='Y')
(tablename='test@dcba', username='mohit', READ='Y', WRITE='Y', DDL='Y')
