(rows inserted=1)
(rows inserted=1)
(rows inserted=1)
(rows inserted=1)
(rows inserted=1)
(rows inserted=5)
(i=1, j=2, k=3, l=4, m=5)
(i=1, j=2, k=3, l=4, m=5)
(i=1, j=2, k=3, l=4, m=5)
(i=1, j=2, k=3, l=4, m=5)
(i=1, j=2, k=3, l=4, m=5)
