(user='---------- OP user ----------')
(rows inserted=1)
(user='---------- anonymous user ----------')
(i=1=1)
[insert into t1 values(2)] failed with rc -106 Write access denied to t1 for user  bdberr=15
[drop table t1] failed with rc -3 User does not have OP credentials
(user='---------- OP user ----------')
