(rows inserted=1)
(rows inserted=1)
(out='Verify succeeded.')
