(Message='Schema change plan:-')
(Message='    No changes to main data file')
(Message='    Tags are modified')
(Message='    Schema change does not require a table scan ')
(Message='There is no change in the schema')
(Message='Table is already odh enabled.')
(Message='Table records are compressed.')
(Message='Table blobs are compressed.')
(Message='Table already supports in-place updates.')
(Message='Table already supports instant schema change.')
(Message='Live schema change running in parallel scan mode')
(Message='Schema change plan:-')
(Message='    No changes to main data file')
(Message='    Tags are modified')
(Message='    Schema change does not require a table scan ')
(Message='There is no change in the schema')
(Message='Table is already odh enabled.')
(Message='Table records are compressed.')
(Message='Table blobs are compressed.')
(Message='Table already supports in-place updates.')
(Message='Table already supports instant schema change.')
(Message='Live schema change running in parallel scan mode')
