(version='test')
(rows inserted=1)
(sleep(3)=3)
(i=1)
(version='test')
(rows inserted=1)
(sleep(3)=3)
(i=10)
(i=100)
